Archive member included to satisfy reference by file (symbol)

/usr/local/Cellar/avr-gcc/4.9.3/lib/gcc/avr/4.9.3/avr5/libgcc.a(_exit.o)
                              /usr/local/Cellar/avr-gcc/4.9.3/lib/gcc/avr/4.9.3/../../../../avr/lib/avr5/crtm32u4.o (exit)
/usr/local/Cellar/avr-gcc/4.9.3/lib/gcc/avr/4.9.3/avr5/libgcc.a(_copy_data.o)
                              BootloaderDFU.o (__do_copy_data)
/usr/local/Cellar/avr-gcc/4.9.3/lib/gcc/avr/4.9.3/avr5/libgcc.a(_clear_bss.o)
                              BootloaderDFU.o (__do_clear_bss)
/usr/local/Cellar/avr-gcc/4.9.3/lib/gcc/avr/4.9.3/../../../../avr/lib/avr5/libc.a(eerd_byte_atmega32u4.o)
                              BootloaderDFU.o (__eerd_byte_m32u4)
/usr/local/Cellar/avr-gcc/4.9.3/lib/gcc/avr/4.9.3/../../../../avr/lib/avr5/libc.a(eeupd_byte_atmega32u4.o)
                              ../../LUFA/Drivers/USB/Core/AVR8/EndpointStream_AVR8.o (__eeupd_byte_m32u4)
/usr/local/Cellar/avr-gcc/4.9.3/lib/gcc/avr/4.9.3/../../../../avr/lib/avr5/libc.a(eewr_byte_atmega32u4.o)
                              BootloaderDFU.o (__eewr_byte_m32u4)

Allocating common symbols
Common symbol       size              file

USB_IsInitialized   0x1               ../../LUFA/Drivers/USB/Core/USBTask.o
USB_Device_ConfigurationNumber
                    0x1               ../../LUFA/Drivers/USB/Core/DeviceStandardReq.o
USB_ControlRequest  0x8               ../../LUFA/Drivers/USB/Core/USBTask.o

Discarded input sections

 .data          0x0000000000000000        0x0 /usr/local/Cellar/avr-gcc/4.9.3/lib/gcc/avr/4.9.3/../../../../avr/lib/avr5/crtm32u4.o
 .bss           0x0000000000000000        0x0 /usr/local/Cellar/avr-gcc/4.9.3/lib/gcc/avr/4.9.3/../../../../avr/lib/avr5/crtm32u4.o
 .text          0x0000000000000000        0x0 BootloaderDFU.o
 .text          0x0000000000000000        0x0 Descriptors.o
 .data          0x0000000000000000        0x0 Descriptors.o
 .bss           0x0000000000000000        0x0 Descriptors.o
 .text          0x0000000000000000        0x0 BootloaderAPI.o
 .data          0x0000000000000000        0x0 BootloaderAPI.o
 .bss           0x0000000000000000        0x0 BootloaderAPI.o
 .text          0x0000000000000000        0x0 BootloaderAPITable.o
 .data          0x0000000000000000        0x0 BootloaderAPITable.o
 .bss           0x0000000000000000        0x0 BootloaderAPITable.o
 .text          0x0000000000000000        0x0 ../../LUFA/Drivers/USB/Class/Common/HIDParser.o
 .data          0x0000000000000000        0x0 ../../LUFA/Drivers/USB/Class/Common/HIDParser.o
 .bss           0x0000000000000000        0x0 ../../LUFA/Drivers/USB/Class/Common/HIDParser.o
 .text.USB_ProcessHIDReport
                0x0000000000000000      0x6d2 ../../LUFA/Drivers/USB/Class/Common/HIDParser.o
 .text.USB_GetHIDReportItemInfo
                0x0000000000000000       0xbc ../../LUFA/Drivers/USB/Class/Common/HIDParser.o
 .text.USB_SetHIDReportItemInfo
                0x0000000000000000       0xce ../../LUFA/Drivers/USB/Class/Common/HIDParser.o
 .text.USB_GetHIDReportSize
                0x0000000000000000       0x54 ../../LUFA/Drivers/USB/Class/Common/HIDParser.o
 .debug_info    0x0000000000000000      0x738 ../../LUFA/Drivers/USB/Class/Common/HIDParser.o
 .debug_abbrev  0x0000000000000000      0x21e ../../LUFA/Drivers/USB/Class/Common/HIDParser.o
 .debug_loc     0x0000000000000000      0xb5e ../../LUFA/Drivers/USB/Class/Common/HIDParser.o
 .debug_aranges
                0x0000000000000000       0x38 ../../LUFA/Drivers/USB/Class/Common/HIDParser.o
 .debug_ranges  0x0000000000000000       0xd0 ../../LUFA/Drivers/USB/Class/Common/HIDParser.o
 .debug_line    0x0000000000000000      0x246 ../../LUFA/Drivers/USB/Class/Common/HIDParser.o
 .debug_str     0x0000000000000000      0x6f3 ../../LUFA/Drivers/USB/Class/Common/HIDParser.o
 .comment       0x0000000000000000       0x12 ../../LUFA/Drivers/USB/Class/Common/HIDParser.o
 .debug_frame   0x0000000000000000      0x128 ../../LUFA/Drivers/USB/Class/Common/HIDParser.o
 .text          0x0000000000000000        0x0 ../../LUFA/Drivers/USB/Core/AVR8/Device_AVR8.o
 .data          0x0000000000000000        0x0 ../../LUFA/Drivers/USB/Core/AVR8/Device_AVR8.o
 .bss           0x0000000000000000        0x0 ../../LUFA/Drivers/USB/Core/AVR8/Device_AVR8.o
 .text.USB_Device_SendRemoteWakeup
                0x0000000000000000       0x2c ../../LUFA/Drivers/USB/Core/AVR8/Device_AVR8.o
 .debug_info    0x0000000000000000       0xd2 ../../LUFA/Drivers/USB/Core/AVR8/Device_AVR8.o
 .debug_abbrev  0x0000000000000000       0x80 ../../LUFA/Drivers/USB/Core/AVR8/Device_AVR8.o
 .debug_aranges
                0x0000000000000000       0x20 ../../LUFA/Drivers/USB/Core/AVR8/Device_AVR8.o
 .debug_ranges  0x0000000000000000       0x10 ../../LUFA/Drivers/USB/Core/AVR8/Device_AVR8.o
 .debug_line    0x0000000000000000      0x102 ../../LUFA/Drivers/USB/Core/AVR8/Device_AVR8.o
 .debug_str     0x0000000000000000      0x22f ../../LUFA/Drivers/USB/Core/AVR8/Device_AVR8.o
 .comment       0x0000000000000000       0x12 ../../LUFA/Drivers/USB/Core/AVR8/Device_AVR8.o
 .debug_frame   0x0000000000000000       0x24 ../../LUFA/Drivers/USB/Core/AVR8/Device_AVR8.o
 .text          0x0000000000000000        0x0 ../../LUFA/Drivers/USB/Core/AVR8/EndpointStream_AVR8.o
 .data          0x0000000000000000        0x0 ../../LUFA/Drivers/USB/Core/AVR8/EndpointStream_AVR8.o
 .bss           0x0000000000000000        0x0 ../../LUFA/Drivers/USB/Core/AVR8/EndpointStream_AVR8.o
 .text.Endpoint_Write_Control_Stream_BE
                0x0000000000000000       0xcc ../../LUFA/Drivers/USB/Core/AVR8/EndpointStream_AVR8.o
 .text.Endpoint_Read_Control_Stream_LE
                0x0000000000000000       0x7c ../../LUFA/Drivers/USB/Core/AVR8/EndpointStream_AVR8.o
 .text.Endpoint_Read_Control_Stream_BE
                0x0000000000000000       0x7e ../../LUFA/Drivers/USB/Core/AVR8/EndpointStream_AVR8.o
 .text.Endpoint_Write_Control_PStream_LE
                0x0000000000000000       0xbe ../../LUFA/Drivers/USB/Core/AVR8/EndpointStream_AVR8.o
 .text.Endpoint_Write_Control_PStream_BE
                0x0000000000000000       0xca ../../LUFA/Drivers/USB/Core/AVR8/EndpointStream_AVR8.o
 .text.Endpoint_Write_Control_EStream_LE
                0x0000000000000000       0xf0 ../../LUFA/Drivers/USB/Core/AVR8/EndpointStream_AVR8.o
 .text.Endpoint_Write_Control_EStream_BE
                0x0000000000000000       0xfc ../../LUFA/Drivers/USB/Core/AVR8/EndpointStream_AVR8.o
 .text.Endpoint_Read_Control_EStream_LE
                0x0000000000000000       0x90 ../../LUFA/Drivers/USB/Core/AVR8/EndpointStream_AVR8.o
 .text.Endpoint_Read_Control_EStream_BE
                0x0000000000000000       0x8e ../../LUFA/Drivers/USB/Core/AVR8/EndpointStream_AVR8.o
 .text          0x0000000000000000        0x0 ../../LUFA/Drivers/USB/Core/AVR8/Endpoint_AVR8.o
 .data          0x0000000000000000        0x0 ../../LUFA/Drivers/USB/Core/AVR8/Endpoint_AVR8.o
 .bss           0x0000000000000000        0x0 ../../LUFA/Drivers/USB/Core/AVR8/Endpoint_AVR8.o
 .text.Endpoint_ConfigureEndpointTable
                0x0000000000000000       0x92 ../../LUFA/Drivers/USB/Core/AVR8/Endpoint_AVR8.o
 .text.Endpoint_ClearEndpoints
                0x0000000000000000       0x1c ../../LUFA/Drivers/USB/Core/AVR8/Endpoint_AVR8.o
 .text          0x0000000000000000        0x0 ../../LUFA/Drivers/USB/Core/AVR8/Host_AVR8.o
 .data          0x0000000000000000        0x0 ../../LUFA/Drivers/USB/Core/AVR8/Host_AVR8.o
 .bss           0x0000000000000000        0x0 ../../LUFA/Drivers/USB/Core/AVR8/Host_AVR8.o
 .debug_info    0x0000000000000000       0x56 ../../LUFA/Drivers/USB/Core/AVR8/Host_AVR8.o
 .debug_abbrev  0x0000000000000000       0x26 ../../LUFA/Drivers/USB/Core/AVR8/Host_AVR8.o
 .debug_aranges
                0x0000000000000000       0x18 ../../LUFA/Drivers/USB/Core/AVR8/Host_AVR8.o
 .debug_line    0x0000000000000000       0x1d ../../LUFA/Drivers/USB/Core/AVR8/Host_AVR8.o
 .debug_str     0x0000000000000000      0x1ce ../../LUFA/Drivers/USB/Core/AVR8/Host_AVR8.o
 .comment       0x0000000000000000       0x12 ../../LUFA/Drivers/USB/Core/AVR8/Host_AVR8.o
 .text          0x0000000000000000        0x0 ../../LUFA/Drivers/USB/Core/AVR8/PipeStream_AVR8.o
 .data          0x0000000000000000        0x0 ../../LUFA/Drivers/USB/Core/AVR8/PipeStream_AVR8.o
 .bss           0x0000000000000000        0x0 ../../LUFA/Drivers/USB/Core/AVR8/PipeStream_AVR8.o
 .debug_info    0x0000000000000000       0x56 ../../LUFA/Drivers/USB/Core/AVR8/PipeStream_AVR8.o
 .debug_abbrev  0x0000000000000000       0x26 ../../LUFA/Drivers/USB/Core/AVR8/PipeStream_AVR8.o
 .debug_aranges
                0x0000000000000000       0x18 ../../LUFA/Drivers/USB/Core/AVR8/PipeStream_AVR8.o
 .debug_line    0x0000000000000000       0x1d ../../LUFA/Drivers/USB/Core/AVR8/PipeStream_AVR8.o
 .debug_str     0x0000000000000000      0x1d4 ../../LUFA/Drivers/USB/Core/AVR8/PipeStream_AVR8.o
 .comment       0x0000000000000000       0x12 ../../LUFA/Drivers/USB/Core/AVR8/PipeStream_AVR8.o
 .text          0x0000000000000000        0x0 ../../LUFA/Drivers/USB/Core/AVR8/Pipe_AVR8.o
 .data          0x0000000000000000        0x0 ../../LUFA/Drivers/USB/Core/AVR8/Pipe_AVR8.o
 .bss           0x0000000000000000        0x0 ../../LUFA/Drivers/USB/Core/AVR8/Pipe_AVR8.o
 .debug_info    0x0000000000000000       0x56 ../../LUFA/Drivers/USB/Core/AVR8/Pipe_AVR8.o
 .debug_abbrev  0x0000000000000000       0x26 ../../LUFA/Drivers/USB/Core/AVR8/Pipe_AVR8.o
 .debug_aranges
                0x0000000000000000       0x18 ../../LUFA/Drivers/USB/Core/AVR8/Pipe_AVR8.o
 .debug_line    0x0000000000000000       0x1d ../../LUFA/Drivers/USB/Core/AVR8/Pipe_AVR8.o
 .debug_str     0x0000000000000000      0x1ce ../../LUFA/Drivers/USB/Core/AVR8/Pipe_AVR8.o
 .comment       0x0000000000000000       0x12 ../../LUFA/Drivers/USB/Core/AVR8/Pipe_AVR8.o
 .text          0x0000000000000000        0x0 ../../LUFA/Drivers/USB/Core/AVR8/USBController_AVR8.o
 .data          0x0000000000000000        0x0 ../../LUFA/Drivers/USB/Core/AVR8/USBController_AVR8.o
 .bss           0x0000000000000000        0x0 ../../LUFA/Drivers/USB/Core/AVR8/USBController_AVR8.o
 .text          0x0000000000000000        0x0 ../../LUFA/Drivers/USB/Core/AVR8/USBInterrupt_AVR8.o
 .data          0x0000000000000000        0x0 ../../LUFA/Drivers/USB/Core/AVR8/USBInterrupt_AVR8.o
 .bss           0x0000000000000000        0x0 ../../LUFA/Drivers/USB/Core/AVR8/USBInterrupt_AVR8.o
 .text          0x0000000000000000        0x0 ../../LUFA/Drivers/USB/Core/ConfigDescriptors.o
 .data          0x0000000000000000        0x0 ../../LUFA/Drivers/USB/Core/ConfigDescriptors.o
 .bss           0x0000000000000000        0x0 ../../LUFA/Drivers/USB/Core/ConfigDescriptors.o
 .text.USB_GetNextDescriptor
                0x0000000000000000       0x3c ../../LUFA/Drivers/USB/Core/ConfigDescriptors.o
 .text.USB_GetNextDescriptorOfType
                0x0000000000000000       0x48 ../../LUFA/Drivers/USB/Core/ConfigDescriptors.o
 .text.USB_GetNextDescriptorOfTypeBefore
                0x0000000000000000       0x58 ../../LUFA/Drivers/USB/Core/ConfigDescriptors.o
 .text.USB_GetNextDescriptorOfTypeAfter
                0x0000000000000000       0x3e ../../LUFA/Drivers/USB/Core/ConfigDescriptors.o
 .text.USB_GetNextDescriptorComp
                0x0000000000000000       0x66 ../../LUFA/Drivers/USB/Core/ConfigDescriptors.o
 .debug_info    0x0000000000000000      0x3cd ../../LUFA/Drivers/USB/Core/ConfigDescriptors.o
 .debug_abbrev  0x0000000000000000      0x183 ../../LUFA/Drivers/USB/Core/ConfigDescriptors.o
 .debug_loc     0x0000000000000000      0x5bd ../../LUFA/Drivers/USB/Core/ConfigDescriptors.o
 .debug_aranges
                0x0000000000000000       0x40 ../../LUFA/Drivers/USB/Core/ConfigDescriptors.o
 .debug_ranges  0x0000000000000000       0x30 ../../LUFA/Drivers/USB/Core/ConfigDescriptors.o
 .debug_line    0x0000000000000000      0x14e ../../LUFA/Drivers/USB/Core/ConfigDescriptors.o
 .debug_str     0x0000000000000000      0x417 ../../LUFA/Drivers/USB/Core/ConfigDescriptors.o
 .comment       0x0000000000000000       0x12 ../../LUFA/Drivers/USB/Core/ConfigDescriptors.o
 .debug_frame   0x0000000000000000      0x108 ../../LUFA/Drivers/USB/Core/ConfigDescriptors.o
 .text          0x0000000000000000        0x0 ../../LUFA/Drivers/USB/Core/DeviceStandardReq.o
 .data          0x0000000000000000        0x0 ../../LUFA/Drivers/USB/Core/DeviceStandardReq.o
 .bss           0x0000000000000000        0x0 ../../LUFA/Drivers/USB/Core/DeviceStandardReq.o
 .text          0x0000000000000000        0x0 ../../LUFA/Drivers/USB/Core/Events.o
 .data          0x0000000000000000        0x0 ../../LUFA/Drivers/USB/Core/Events.o
 .bss           0x0000000000000000        0x0 ../../LUFA/Drivers/USB/Core/Events.o
 .text          0x0000000000000000        0x0 ../../LUFA/Drivers/USB/Core/HostStandardReq.o
 .data          0x0000000000000000        0x0 ../../LUFA/Drivers/USB/Core/HostStandardReq.o
 .bss           0x0000000000000000        0x0 ../../LUFA/Drivers/USB/Core/HostStandardReq.o
 .debug_info    0x0000000000000000       0x56 ../../LUFA/Drivers/USB/Core/HostStandardReq.o
 .debug_abbrev  0x0000000000000000       0x26 ../../LUFA/Drivers/USB/Core/HostStandardReq.o
 .debug_aranges
                0x0000000000000000       0x18 ../../LUFA/Drivers/USB/Core/HostStandardReq.o
 .debug_line    0x0000000000000000       0x1d ../../LUFA/Drivers/USB/Core/HostStandardReq.o
 .debug_str     0x0000000000000000      0x1cf ../../LUFA/Drivers/USB/Core/HostStandardReq.o
 .comment       0x0000000000000000       0x12 ../../LUFA/Drivers/USB/Core/HostStandardReq.o
 .text          0x0000000000000000        0x0 ../../LUFA/Drivers/USB/Core/USBTask.o
 .data          0x0000000000000000        0x0 ../../LUFA/Drivers/USB/Core/USBTask.o
 .bss           0x0000000000000000        0x0 ../../LUFA/Drivers/USB/Core/USBTask.o
 .text          0x0000000000000000        0x0 /usr/local/Cellar/avr-gcc/4.9.3/lib/gcc/avr/4.9.3/avr5/libgcc.a(_exit.o)
 .data          0x0000000000000000        0x0 /usr/local/Cellar/avr-gcc/4.9.3/lib/gcc/avr/4.9.3/avr5/libgcc.a(_exit.o)
 .bss           0x0000000000000000        0x0 /usr/local/Cellar/avr-gcc/4.9.3/lib/gcc/avr/4.9.3/avr5/libgcc.a(_exit.o)
 .text.libgcc.mul
                0x0000000000000000        0x0 /usr/local/Cellar/avr-gcc/4.9.3/lib/gcc/avr/4.9.3/avr5/libgcc.a(_exit.o)
 .text.libgcc.div
                0x0000000000000000        0x0 /usr/local/Cellar/avr-gcc/4.9.3/lib/gcc/avr/4.9.3/avr5/libgcc.a(_exit.o)
 .text.libgcc   0x0000000000000000        0x0 /usr/local/Cellar/avr-gcc/4.9.3/lib/gcc/avr/4.9.3/avr5/libgcc.a(_exit.o)
 .text.libgcc.prologue
                0x0000000000000000        0x0 /usr/local/Cellar/avr-gcc/4.9.3/lib/gcc/avr/4.9.3/avr5/libgcc.a(_exit.o)
 .text.libgcc.builtins
                0x0000000000000000        0x0 /usr/local/Cellar/avr-gcc/4.9.3/lib/gcc/avr/4.9.3/avr5/libgcc.a(_exit.o)
 .text.libgcc.fmul
                0x0000000000000000        0x0 /usr/local/Cellar/avr-gcc/4.9.3/lib/gcc/avr/4.9.3/avr5/libgcc.a(_exit.o)
 .text.libgcc.fixed
                0x0000000000000000        0x0 /usr/local/Cellar/avr-gcc/4.9.3/lib/gcc/avr/4.9.3/avr5/libgcc.a(_exit.o)
 .text          0x0000000000000000        0x0 /usr/local/Cellar/avr-gcc/4.9.3/lib/gcc/avr/4.9.3/avr5/libgcc.a(_copy_data.o)
 .data          0x0000000000000000        0x0 /usr/local/Cellar/avr-gcc/4.9.3/lib/gcc/avr/4.9.3/avr5/libgcc.a(_copy_data.o)
 .bss           0x0000000000000000        0x0 /usr/local/Cellar/avr-gcc/4.9.3/lib/gcc/avr/4.9.3/avr5/libgcc.a(_copy_data.o)
 .text.libgcc.mul
                0x0000000000000000        0x0 /usr/local/Cellar/avr-gcc/4.9.3/lib/gcc/avr/4.9.3/avr5/libgcc.a(_copy_data.o)
 .text.libgcc.div
                0x0000000000000000        0x0 /usr/local/Cellar/avr-gcc/4.9.3/lib/gcc/avr/4.9.3/avr5/libgcc.a(_copy_data.o)
 .text.libgcc   0x0000000000000000        0x0 /usr/local/Cellar/avr-gcc/4.9.3/lib/gcc/avr/4.9.3/avr5/libgcc.a(_copy_data.o)
 .text.libgcc.prologue
                0x0000000000000000        0x0 /usr/local/Cellar/avr-gcc/4.9.3/lib/gcc/avr/4.9.3/avr5/libgcc.a(_copy_data.o)
 .text.libgcc.builtins
                0x0000000000000000        0x0 /usr/local/Cellar/avr-gcc/4.9.3/lib/gcc/avr/4.9.3/avr5/libgcc.a(_copy_data.o)
 .text.libgcc.fmul
                0x0000000000000000        0x0 /usr/local/Cellar/avr-gcc/4.9.3/lib/gcc/avr/4.9.3/avr5/libgcc.a(_copy_data.o)
 .text.libgcc.fixed
                0x0000000000000000        0x0 /usr/local/Cellar/avr-gcc/4.9.3/lib/gcc/avr/4.9.3/avr5/libgcc.a(_copy_data.o)
 .text          0x0000000000000000        0x0 /usr/local/Cellar/avr-gcc/4.9.3/lib/gcc/avr/4.9.3/avr5/libgcc.a(_clear_bss.o)
 .data          0x0000000000000000        0x0 /usr/local/Cellar/avr-gcc/4.9.3/lib/gcc/avr/4.9.3/avr5/libgcc.a(_clear_bss.o)
 .bss           0x0000000000000000        0x0 /usr/local/Cellar/avr-gcc/4.9.3/lib/gcc/avr/4.9.3/avr5/libgcc.a(_clear_bss.o)
 .text.libgcc.mul
                0x0000000000000000        0x0 /usr/local/Cellar/avr-gcc/4.9.3/lib/gcc/avr/4.9.3/avr5/libgcc.a(_clear_bss.o)
 .text.libgcc.div
                0x0000000000000000        0x0 /usr/local/Cellar/avr-gcc/4.9.3/lib/gcc/avr/4.9.3/avr5/libgcc.a(_clear_bss.o)
 .text.libgcc   0x0000000000000000        0x0 /usr/local/Cellar/avr-gcc/4.9.3/lib/gcc/avr/4.9.3/avr5/libgcc.a(_clear_bss.o)
 .text.libgcc.prologue
                0x0000000000000000        0x0 /usr/local/Cellar/avr-gcc/4.9.3/lib/gcc/avr/4.9.3/avr5/libgcc.a(_clear_bss.o)
 .text.libgcc.builtins
                0x0000000000000000        0x0 /usr/local/Cellar/avr-gcc/4.9.3/lib/gcc/avr/4.9.3/avr5/libgcc.a(_clear_bss.o)
 .text.libgcc.fmul
                0x0000000000000000        0x0 /usr/local/Cellar/avr-gcc/4.9.3/lib/gcc/avr/4.9.3/avr5/libgcc.a(_clear_bss.o)
 .text.libgcc.fixed
                0x0000000000000000        0x0 /usr/local/Cellar/avr-gcc/4.9.3/lib/gcc/avr/4.9.3/avr5/libgcc.a(_clear_bss.o)
 .text          0x0000000000000000        0x0 /usr/local/Cellar/avr-gcc/4.9.3/lib/gcc/avr/4.9.3/../../../../avr/lib/avr5/libc.a(eerd_byte_atmega32u4.o)
 .data          0x0000000000000000        0x0 /usr/local/Cellar/avr-gcc/4.9.3/lib/gcc/avr/4.9.3/../../../../avr/lib/avr5/libc.a(eerd_byte_atmega32u4.o)
 .bss           0x0000000000000000        0x0 /usr/local/Cellar/avr-gcc/4.9.3/lib/gcc/avr/4.9.3/../../../../avr/lib/avr5/libc.a(eerd_byte_atmega32u4.o)
 .text          0x0000000000000000        0x0 /usr/local/Cellar/avr-gcc/4.9.3/lib/gcc/avr/4.9.3/../../../../avr/lib/avr5/libc.a(eeupd_byte_atmega32u4.o)
 .data          0x0000000000000000        0x0 /usr/local/Cellar/avr-gcc/4.9.3/lib/gcc/avr/4.9.3/../../../../avr/lib/avr5/libc.a(eeupd_byte_atmega32u4.o)
 .bss           0x0000000000000000        0x0 /usr/local/Cellar/avr-gcc/4.9.3/lib/gcc/avr/4.9.3/../../../../avr/lib/avr5/libc.a(eeupd_byte_atmega32u4.o)
 .text.avr-libc
                0x0000000000000000       0x24 /usr/local/Cellar/avr-gcc/4.9.3/lib/gcc/avr/4.9.3/../../../../avr/lib/avr5/libc.a(eeupd_byte_atmega32u4.o)
 .text          0x0000000000000000        0x0 /usr/local/Cellar/avr-gcc/4.9.3/lib/gcc/avr/4.9.3/../../../../avr/lib/avr5/libc.a(eewr_byte_atmega32u4.o)
 .data          0x0000000000000000        0x0 /usr/local/Cellar/avr-gcc/4.9.3/lib/gcc/avr/4.9.3/../../../../avr/lib/avr5/libc.a(eewr_byte_atmega32u4.o)
 .bss           0x0000000000000000        0x0 /usr/local/Cellar/avr-gcc/4.9.3/lib/gcc/avr/4.9.3/../../../../avr/lib/avr5/libc.a(eewr_byte_atmega32u4.o)

Memory Configuration

Name             Origin             Length             Attributes
text             0x0000000000000000 0x0000000000020000 xr
data             0x0000000000800060 0x000000000000ffa0 rw !x
eeprom           0x0000000000810000 0x0000000000010000 rw !x
fuse             0x0000000000820000 0x0000000000000400 rw !x
lock             0x0000000000830000 0x0000000000000400 rw !x
signature        0x0000000000840000 0x0000000000000400 rw !x
*default*        0x0000000000000000 0xffffffffffffffff

Linker script and memory map

Address of section .data set to 0x800100
LOAD /usr/local/Cellar/avr-gcc/4.9.3/lib/gcc/avr/4.9.3/../../../../avr/lib/avr5/crtm32u4.o
LOAD BootloaderDFU.o
LOAD Descriptors.o
LOAD BootloaderAPI.o
LOAD BootloaderAPITable.o
LOAD ../../LUFA/Drivers/USB/Class/Common/HIDParser.o
LOAD ../../LUFA/Drivers/USB/Core/AVR8/Device_AVR8.o
LOAD ../../LUFA/Drivers/USB/Core/AVR8/EndpointStream_AVR8.o
LOAD ../../LUFA/Drivers/USB/Core/AVR8/Endpoint_AVR8.o
LOAD ../../LUFA/Drivers/USB/Core/AVR8/Host_AVR8.o
LOAD ../../LUFA/Drivers/USB/Core/AVR8/PipeStream_AVR8.o
LOAD ../../LUFA/Drivers/USB/Core/AVR8/Pipe_AVR8.o
LOAD ../../LUFA/Drivers/USB/Core/AVR8/USBController_AVR8.o
LOAD ../../LUFA/Drivers/USB/Core/AVR8/USBInterrupt_AVR8.o
LOAD ../../LUFA/Drivers/USB/Core/ConfigDescriptors.o
LOAD ../../LUFA/Drivers/USB/Core/DeviceStandardReq.o
LOAD ../../LUFA/Drivers/USB/Core/Events.o
LOAD ../../LUFA/Drivers/USB/Core/HostStandardReq.o
LOAD ../../LUFA/Drivers/USB/Core/USBTask.o
LOAD /usr/local/Cellar/avr-gcc/4.9.3/lib/gcc/avr/4.9.3/../../../../avr/lib/avr5/libm.a
Address of section .text set to 0x7000
Address of section .apitable_trampolines set to 0x7fa0
Address of section .apitable_jumptable set to 0x7fe0
Address of section .apitable_signatures set to 0x7ff8
START GROUP
LOAD /usr/local/Cellar/avr-gcc/4.9.3/lib/gcc/avr/4.9.3/avr5/libgcc.a
LOAD /usr/local/Cellar/avr-gcc/4.9.3/lib/gcc/avr/4.9.3/../../../../avr/lib/avr5/libm.a
LOAD /usr/local/Cellar/avr-gcc/4.9.3/lib/gcc/avr/4.9.3/../../../../avr/lib/avr5/libc.a
END GROUP

.hash
 *(.hash)

.dynsym
 *(.dynsym)

.dynstr
 *(.dynstr)

.gnu.version
 *(.gnu.version)

.gnu.version_d
 *(.gnu.version_d)

.gnu.version_r
 *(.gnu.version_r)

.rel.init
 *(.rel.init)

.rela.init
 *(.rela.init)

.rel.text
 *(.rel.text)
 *(.rel.text.*)
 *(.rel.gnu.linkonce.t*)

.rela.text
 *(.rela.text)
 *(.rela.text.*)
 *(.rela.gnu.linkonce.t*)

.rel.fini
 *(.rel.fini)

.rela.fini
 *(.rela.fini)

.rel.rodata
 *(.rel.rodata)
 *(.rel.rodata.*)
 *(.rel.gnu.linkonce.r*)

.rela.rodata
 *(.rela.rodata)
 *(.rela.rodata.*)
 *(.rela.gnu.linkonce.r*)

.rel.data
 *(.rel.data)
 *(.rel.data.*)
 *(.rel.gnu.linkonce.d*)

.rela.data
 *(.rela.data)
 *(.rela.data.*)
 *(.rela.gnu.linkonce.d*)

.rel.ctors
 *(.rel.ctors)

.rela.ctors
 *(.rela.ctors)

.rel.dtors
 *(.rel.dtors)

.rela.dtors
 *(.rela.dtors)

.rel.got
 *(.rel.got)

.rela.got
 *(.rela.got)

.rel.bss
 *(.rel.bss)

.rela.bss
 *(.rela.bss)

.rel.plt
 *(.rel.plt)

.rela.plt
 *(.rela.plt)

.text           0x0000000000007000      0xea6
 *(.vectors)
 .vectors       0x0000000000007000       0xac /usr/local/Cellar/avr-gcc/4.9.3/lib/gcc/avr/4.9.3/../../../../avr/lib/avr5/crtm32u4.o
                0x0000000000007000                __vectors
                0x0000000000007000                __vector_default
 *(.vectors)
 *(.progmem.gcc*)
                0x00000000000070ac                . = ALIGN (0x2)
                0x00000000000070ac                __trampolines_start = .
 *(.trampolines)
 .trampolines   0x00000000000070ac        0x0 linker stubs
 *(.trampolines*)
                0x00000000000070ac                __trampolines_end = .
 *(.progmem*)
                0x00000000000070ac                . = ALIGN (0x2)
 *(.jumptables)
 *(.jumptables*)
 *(.lowtext)
 *(.lowtext*)
                0x00000000000070ac                __ctors_start = .
 *(.ctors)
                0x00000000000070ac                __ctors_end = .
                0x00000000000070ac                __dtors_start = .
 *(.dtors)
                0x00000000000070ac                __dtors_end = .
 SORT(*)(.ctors)
 SORT(*)(.dtors)
 *(.init0)
 .init0         0x00000000000070ac        0x0 /usr/local/Cellar/avr-gcc/4.9.3/lib/gcc/avr/4.9.3/../../../../avr/lib/avr5/crtm32u4.o
                0x00000000000070ac                __init
 *(.init0)
 *(.init1)
 *(.init1)
 *(.init2)
 .init2         0x00000000000070ac        0xc /usr/local/Cellar/avr-gcc/4.9.3/lib/gcc/avr/4.9.3/../../../../avr/lib/avr5/crtm32u4.o
 *(.init2)
 *(.init3)
 .init3         0x00000000000070b8       0x8c BootloaderDFU.o
                0x00000000000070b8                Application_Jump_Check
 *(.init3)
 *(.init4)
 .init4         0x0000000000007144       0x16 /usr/local/Cellar/avr-gcc/4.9.3/lib/gcc/avr/4.9.3/avr5/libgcc.a(_copy_data.o)
                0x0000000000007144                __do_copy_data
 .init4         0x000000000000715a       0x10 /usr/local/Cellar/avr-gcc/4.9.3/lib/gcc/avr/4.9.3/avr5/libgcc.a(_clear_bss.o)
                0x000000000000715a                __do_clear_bss
 *(.init4)
 *(.init5)
 *(.init5)
 *(.init6)
 *(.init6)
 *(.init7)
 *(.init7)
 *(.init8)
 *(.init8)
 *(.init9)
 .init9         0x000000000000716a        0x4 /usr/local/Cellar/avr-gcc/4.9.3/lib/gcc/avr/4.9.3/../../../../avr/lib/avr5/crtm32u4.o
 *(.init9)
 *(.text)
 .text          0x000000000000716e        0x2 /usr/local/Cellar/avr-gcc/4.9.3/lib/gcc/avr/4.9.3/../../../../avr/lib/avr5/crtm32u4.o
                0x000000000000716e                __vector_42
                0x000000000000716e                __vector_22
                0x000000000000716e                __vector_28
                0x000000000000716e                __vector_1
                0x000000000000716e                __vector_32
                0x000000000000716e                __vector_34
                0x000000000000716e                __vector_24
                0x000000000000716e                __vector_12
                0x000000000000716e                __bad_interrupt
                0x000000000000716e                __vector_6
                0x000000000000716e                __vector_31
                0x000000000000716e                __vector_35
                0x000000000000716e                __vector_39
                0x000000000000716e                __vector_3
                0x000000000000716e                __vector_23
                0x000000000000716e                __vector_30
                0x000000000000716e                __vector_25
                0x000000000000716e                __vector_11
                0x000000000000716e                __vector_13
                0x000000000000716e                __vector_17
                0x000000000000716e                __vector_19
                0x000000000000716e                __vector_7
                0x000000000000716e                __vector_41
                0x000000000000716e                __vector_27
                0x000000000000716e                __vector_5
                0x000000000000716e                __vector_33
                0x000000000000716e                __vector_37
                0x000000000000716e                __vector_4
                0x000000000000716e                __vector_9
                0x000000000000716e                __vector_2
                0x000000000000716e                __vector_21
                0x000000000000716e                __vector_15
                0x000000000000716e                __vector_36
                0x000000000000716e                __vector_29
                0x000000000000716e                __vector_40
                0x000000000000716e                __vector_8
                0x000000000000716e                __vector_26
                0x000000000000716e                __vector_14
                0x000000000000716e                __vector_16
                0x000000000000716e                __vector_18
                0x000000000000716e                __vector_38
                0x0000000000007170                . = ALIGN (0x2)
 *(.text.*)
 .text.DiscardFillerBytes
                0x0000000000007170       0x38 BootloaderDFU.o
 .text.LoadStartEndAddresses
                0x00000000000071a8       0x20 BootloaderDFU.o
 .text.ProcessBootloaderCommand
                0x00000000000071c8      0x218 BootloaderDFU.o
 .text.startup.main
                0x00000000000073e0       0x76 BootloaderDFU.o
                0x00000000000073e0                main
 .text.__vector_20
                0x0000000000007456       0x1c BootloaderDFU.o
                0x0000000000007456                __vector_20
 .text.EVENT_USB_Device_ControlRequest
                0x0000000000007472      0x414 BootloaderDFU.o
                0x0000000000007472                EVENT_USB_Device_ControlRequest
 .text.CALLBACK_USB_GetDescriptor
                0x0000000000007886       0x64 Descriptors.o
                0x0000000000007886                CALLBACK_USB_GetDescriptor
 .text.BootloaderAPI_ErasePage
                0x00000000000078ea       0x24 BootloaderAPI.o
                0x00000000000078ea                BootloaderAPI_ErasePage
 .text.BootloaderAPI_WritePage
                0x000000000000790e       0x24 BootloaderAPI.o
                0x000000000000790e                BootloaderAPI_WritePage
 .text.BootloaderAPI_FillWord
                0x0000000000007932       0x1a BootloaderAPI.o
                0x0000000000007932                BootloaderAPI_FillWord
 .text.BootloaderAPI_ReadSignature
                0x000000000000794c        0xc BootloaderAPI.o
                0x000000000000794c                BootloaderAPI_ReadSignature
 .text.BootloaderAPI_ReadFuse
                0x0000000000007958        0xc BootloaderAPI.o
                0x0000000000007958                BootloaderAPI_ReadFuse
 .text.BootloaderAPI_ReadLock
                0x0000000000007964        0xe BootloaderAPI.o
                0x0000000000007964                BootloaderAPI_ReadLock
 .text.BootloaderAPI_WriteLock
                0x0000000000007972       0x1c BootloaderAPI.o
                0x0000000000007972                BootloaderAPI_WriteLock
 .text.Endpoint_Write_Control_Stream_LE
                0x000000000000798e       0xc2 ../../LUFA/Drivers/USB/Core/AVR8/EndpointStream_AVR8.o
                0x000000000000798e                Endpoint_Write_Control_Stream_LE
 .text.Endpoint_ConfigureEndpoint_Prv
                0x0000000000007a50       0x22 ../../LUFA/Drivers/USB/Core/AVR8/Endpoint_AVR8.o
                0x0000000000007a50                Endpoint_ConfigureEndpoint_Prv
 .text.Endpoint_ClearStatusStage
                0x0000000000007a72       0x3a ../../LUFA/Drivers/USB/Core/AVR8/Endpoint_AVR8.o
                0x0000000000007a72                Endpoint_ClearStatusStage
 .text.USB_Disable
                0x0000000000007aac       0x30 ../../LUFA/Drivers/USB/Core/AVR8/USBController_AVR8.o
                0x0000000000007aac                USB_Disable
 .text.USB_ResetInterface
                0x0000000000007adc       0x76 ../../LUFA/Drivers/USB/Core/AVR8/USBController_AVR8.o
                0x0000000000007adc                USB_ResetInterface
 .text.USB_Init
                0x0000000000007b52       0x20 ../../LUFA/Drivers/USB/Core/AVR8/USBController_AVR8.o
                0x0000000000007b52                USB_Init
 .text.USB_INT_DisableAllInterrupts
                0x0000000000007b72       0x10 ../../LUFA/Drivers/USB/Core/AVR8/USBInterrupt_AVR8.o
                0x0000000000007b72                USB_INT_DisableAllInterrupts
 .text.USB_INT_ClearAllInterrupts
                0x0000000000007b82        0xa ../../LUFA/Drivers/USB/Core/AVR8/USBInterrupt_AVR8.o
                0x0000000000007b82                USB_INT_ClearAllInterrupts
 .text.__vector_10
                0x0000000000007b8c      0x166 ../../LUFA/Drivers/USB/Core/AVR8/USBInterrupt_AVR8.o
                0x0000000000007b8c                __vector_10
 .text.USB_Device_ProcessControlRequest
                0x0000000000007cf2      0x172 ../../LUFA/Drivers/USB/Core/DeviceStandardReq.o
                0x0000000000007cf2                USB_Device_ProcessControlRequest
 .text.USB_Event_Stub
                0x0000000000007e64        0x2 ../../LUFA/Drivers/USB/Core/Events.o
                0x0000000000007e64                EVENT_USB_Device_Reset
                0x0000000000007e64                EVENT_USB_Device_Connect
                0x0000000000007e64                EVENT_USB_Device_WakeUp
                0x0000000000007e64                USB_Event_Stub
                0x0000000000007e64                EVENT_USB_Device_Suspend
                0x0000000000007e64                EVENT_USB_Device_StartOfFrame
                0x0000000000007e64                EVENT_USB_Device_Disconnect
                0x0000000000007e64                EVENT_USB_Device_ConfigurationChanged
 .text.USB_USBTask
                0x0000000000007e66       0x10 ../../LUFA/Drivers/USB/Core/USBTask.o
                0x0000000000007e66                USB_USBTask
 .text.avr-libc
                0x0000000000007e76       0x10 /usr/local/Cellar/avr-gcc/4.9.3/lib/gcc/avr/4.9.3/../../../../avr/lib/avr5/libc.a(eerd_byte_atmega32u4.o)
                0x0000000000007e76                __eerd_byte_m32u4
 .text.avr-libc
                0x0000000000007e86       0x1c /usr/local/Cellar/avr-gcc/4.9.3/lib/gcc/avr/4.9.3/../../../../avr/lib/avr5/libc.a(eewr_byte_atmega32u4.o)
                0x0000000000007e86                __eewr_byte_m32u4
                0x0000000000007e88                __eewr_r18_m32u4
                0x0000000000007ea2                . = ALIGN (0x2)
 *(.fini9)
 .fini9         0x0000000000007ea2        0x0 /usr/local/Cellar/avr-gcc/4.9.3/lib/gcc/avr/4.9.3/avr5/libgcc.a(_exit.o)
                0x0000000000007ea2                exit
                0x0000000000007ea2                _exit
 *(.fini9)
 *(.fini8)
 *(.fini8)
 *(.fini7)
 *(.fini7)
 *(.fini6)
 *(.fini6)
 *(.fini5)
 *(.fini5)
 *(.fini4)
 *(.fini4)
 *(.fini3)
 *(.fini3)
 *(.fini2)
 *(.fini2)
 *(.fini1)
 *(.fini1)
 *(.fini0)
 .fini0         0x0000000000007ea2        0x4 /usr/local/Cellar/avr-gcc/4.9.3/lib/gcc/avr/4.9.3/avr5/libgcc.a(_exit.o)
 *(.fini0)
                0x0000000000007ea6                _etext = .

.data           0x0000000000800100       0x62 load address 0x0000000000007ea6
                0x0000000000800100                PROVIDE (__data_start, .)
 *(.data)
 .data          0x0000000000800100        0x2 BootloaderDFU.o
 *(.data*)
 *(.rodata)
 .rodata        0x0000000000800102       0x5f Descriptors.o
                0x0000000000800102                ProductString
                0x0000000000800116                ManufacturerString
                0x0000000000800130                LanguageString
                0x0000000000800134                ConfigurationDescriptor
                0x000000000080014f                DeviceDescriptor
 *(.rodata*)
 *(.gnu.linkonce.d*)
                0x0000000000800162                . = ALIGN (0x2)
 *fill*         0x0000000000800161        0x1 
                0x0000000000800162                _edata = .
                0x0000000000800162                PROVIDE (__data_end, .)

.bss            0x0000000000800162       0x1d
                0x0000000000800162                PROVIDE (__bss_start, .)
 *(.bss)
 .bss           0x0000000000800162       0x13 BootloaderDFU.o
 *(.bss*)
 *(COMMON)
 COMMON         0x0000000000800175        0x1 ../../LUFA/Drivers/USB/Core/DeviceStandardReq.o
                0x0000000000800175                USB_Device_ConfigurationNumber
 COMMON         0x0000000000800176        0x9 ../../LUFA/Drivers/USB/Core/USBTask.o
                0x0000000000800176                USB_IsInitialized
                0x0000000000800177                USB_ControlRequest
                0x000000000080017f                PROVIDE (__bss_end, .)
                0x0000000000007ea6                __data_load_start = LOADADDR (.data)
                0x0000000000007f08                __data_load_end = (__data_load_start + SIZEOF (.data))

.noinit         0x000000000080017f        0x2
                0x000000000080017f                PROVIDE (__noinit_start, .)
 *(.noinit*)
 .noinit        0x000000000080017f        0x2 BootloaderDFU.o
                0x000000000080017f                MagicBootKey
                0x0000000000800181                PROVIDE (__noinit_end, .)
                0x0000000000800181                _end = .
                0x0000000000800181                PROVIDE (__heap_start, .)

.eeprom         0x0000000000810000        0x0
 *(.eeprom*)
                0x0000000000810000                __eeprom_end = .

.fuse
 *(.fuse)
 *(.lfuse)
 *(.hfuse)
 *(.efuse)

.lock
 *(.lock*)

.signature
 *(.signature*)

.stab           0x0000000000000000      0x204
 *(.stab)
 .stab          0x0000000000000000       0x78 /usr/local/Cellar/avr-gcc/4.9.3/lib/gcc/avr/4.9.3/avr5/libgcc.a(_exit.o)
 .stab          0x0000000000000078       0xd8 /usr/local/Cellar/avr-gcc/4.9.3/lib/gcc/avr/4.9.3/avr5/libgcc.a(_copy_data.o)
                                         0xe4 (size before relaxing)
 .stab          0x0000000000000150       0xb4 /usr/local/Cellar/avr-gcc/4.9.3/lib/gcc/avr/4.9.3/avr5/libgcc.a(_clear_bss.o)
                                         0xc0 (size before relaxing)

.stabstr        0x0000000000000000      0x119
 *(.stabstr)
 .stabstr       0x0000000000000000      0x119 /usr/local/Cellar/avr-gcc/4.9.3/lib/gcc/avr/4.9.3/avr5/libgcc.a(_exit.o)

.stab.excl
 *(.stab.excl)

.stab.exclstr
 *(.stab.exclstr)

.stab.index
 *(.stab.index)

.stab.indexstr
 *(.stab.indexstr)

.comment        0x0000000000000000       0x11
 *(.comment)
 .comment       0x0000000000000000       0x11 BootloaderDFU.o
                                         0x12 (size before relaxing)
 .comment       0x0000000000000011       0x12 Descriptors.o
 .comment       0x0000000000000011       0x12 BootloaderAPI.o
 .comment       0x0000000000000011       0x12 ../../LUFA/Drivers/USB/Core/AVR8/EndpointStream_AVR8.o
 .comment       0x0000000000000011       0x12 ../../LUFA/Drivers/USB/Core/AVR8/Endpoint_AVR8.o
 .comment       0x0000000000000011       0x12 ../../LUFA/Drivers/USB/Core/AVR8/USBController_AVR8.o
 .comment       0x0000000000000011       0x12 ../../LUFA/Drivers/USB/Core/AVR8/USBInterrupt_AVR8.o
 .comment       0x0000000000000011       0x12 ../../LUFA/Drivers/USB/Core/DeviceStandardReq.o
 .comment       0x0000000000000011       0x12 ../../LUFA/Drivers/USB/Core/Events.o
 .comment       0x0000000000000011       0x12 ../../LUFA/Drivers/USB/Core/USBTask.o

.note.gnu.build-id
 *(.note.gnu.build-id)

.debug
 *(.debug)

.line
 *(.line)

.debug_srcinfo
 *(.debug_srcinfo)

.debug_sfnames
 *(.debug_sfnames)

.debug_aranges  0x0000000000000000      0x248
 *(.debug_aranges)
 .debug_aranges
                0x0000000000000000       0x50 BootloaderDFU.o
 .debug_aranges
                0x0000000000000050       0x20 Descriptors.o
 .debug_aranges
                0x0000000000000070       0x50 BootloaderAPI.o
 .debug_aranges
                0x00000000000000c0       0x28 BootloaderAPITable.o
 .debug_aranges
                0x00000000000000e8       0x68 ../../LUFA/Drivers/USB/Core/AVR8/EndpointStream_AVR8.o
 .debug_aranges
                0x0000000000000150       0x38 ../../LUFA/Drivers/USB/Core/AVR8/Endpoint_AVR8.o
 .debug_aranges
                0x0000000000000188       0x30 ../../LUFA/Drivers/USB/Core/AVR8/USBController_AVR8.o
 .debug_aranges
                0x00000000000001b8       0x30 ../../LUFA/Drivers/USB/Core/AVR8/USBInterrupt_AVR8.o
 .debug_aranges
                0x00000000000001e8       0x20 ../../LUFA/Drivers/USB/Core/DeviceStandardReq.o
 .debug_aranges
                0x0000000000000208       0x20 ../../LUFA/Drivers/USB/Core/Events.o
 .debug_aranges
                0x0000000000000228       0x20 ../../LUFA/Drivers/USB/Core/USBTask.o

.debug_pubnames
 *(.debug_pubnames)

.debug_info     0x0000000000000000     0x465a
 *(.debug_info .gnu.linkonce.wi.*)
 .debug_info    0x0000000000000000      0x9f4 /usr/local/Cellar/avr-gcc/4.9.3/lib/gcc/avr/4.9.3/../../../../avr/lib/avr5/crtm32u4.o
 .debug_info    0x00000000000009f4      0xf41 BootloaderDFU.o
 .debug_info    0x0000000000001935      0x569 Descriptors.o
 .debug_info    0x0000000000001e9e      0x240 BootloaderAPI.o
 .debug_info    0x00000000000020de       0x98 BootloaderAPITable.o
 .debug_info    0x0000000000002176      0xdca ../../LUFA/Drivers/USB/Core/AVR8/EndpointStream_AVR8.o
 .debug_info    0x0000000000002f40      0x44c ../../LUFA/Drivers/USB/Core/AVR8/Endpoint_AVR8.o
 .debug_info    0x000000000000338c      0x4a0 ../../LUFA/Drivers/USB/Core/AVR8/USBController_AVR8.o
 .debug_info    0x000000000000382c      0x5fa ../../LUFA/Drivers/USB/Core/AVR8/USBInterrupt_AVR8.o
 .debug_info    0x0000000000003e26      0x5d1 ../../LUFA/Drivers/USB/Core/DeviceStandardReq.o
 .debug_info    0x00000000000043f7       0x78 ../../LUFA/Drivers/USB/Core/Events.o
 .debug_info    0x000000000000446f      0x1eb ../../LUFA/Drivers/USB/Core/USBTask.o

.debug_abbrev   0x0000000000000000     0x1a2e
 *(.debug_abbrev)
 .debug_abbrev  0x0000000000000000      0x96a /usr/local/Cellar/avr-gcc/4.9.3/lib/gcc/avr/4.9.3/../../../../avr/lib/avr5/crtm32u4.o
 .debug_abbrev  0x000000000000096a      0x3db BootloaderDFU.o
 .debug_abbrev  0x0000000000000d45      0x115 Descriptors.o
 .debug_abbrev  0x0000000000000e5a       0xbb BootloaderAPI.o
 .debug_abbrev  0x0000000000000f15       0x12 BootloaderAPITable.o
 .debug_abbrev  0x0000000000000f27      0x1c9 ../../LUFA/Drivers/USB/Core/AVR8/EndpointStream_AVR8.o
 .debug_abbrev  0x00000000000010f0      0x1ef ../../LUFA/Drivers/USB/Core/AVR8/Endpoint_AVR8.o
 .debug_abbrev  0x00000000000012df      0x196 ../../LUFA/Drivers/USB/Core/AVR8/USBController_AVR8.o
 .debug_abbrev  0x0000000000001475      0x1ce ../../LUFA/Drivers/USB/Core/AVR8/USBInterrupt_AVR8.o
 .debug_abbrev  0x0000000000001643      0x256 ../../LUFA/Drivers/USB/Core/DeviceStandardReq.o
 .debug_abbrev  0x0000000000001899       0x44 ../../LUFA/Drivers/USB/Core/Events.o
 .debug_abbrev  0x00000000000018dd      0x151 ../../LUFA/Drivers/USB/Core/USBTask.o

.debug_line     0x0000000000000000     0x1ba8
 *(.debug_line .debug_line.* .debug_line_end)
 .debug_line    0x0000000000000000       0x1d /usr/local/Cellar/avr-gcc/4.9.3/lib/gcc/avr/4.9.3/../../../../avr/lib/avr5/crtm32u4.o
 .debug_line    0x000000000000001d      0x5ae BootloaderDFU.o
 .debug_line    0x00000000000005cb      0x127 Descriptors.o
 .debug_line    0x00000000000006f2      0x127 BootloaderAPI.o
 .debug_line    0x0000000000000819       0x6a BootloaderAPITable.o
 .debug_line    0x0000000000000883      0x762 ../../LUFA/Drivers/USB/Core/AVR8/EndpointStream_AVR8.o
 .debug_line    0x0000000000000fe5      0x24d ../../LUFA/Drivers/USB/Core/AVR8/Endpoint_AVR8.o
 .debug_line    0x0000000000001232      0x26c ../../LUFA/Drivers/USB/Core/AVR8/USBController_AVR8.o
 .debug_line    0x000000000000149e      0x348 ../../LUFA/Drivers/USB/Core/AVR8/USBInterrupt_AVR8.o
 .debug_line    0x00000000000017e6      0x23a ../../LUFA/Drivers/USB/Core/DeviceStandardReq.o
 .debug_line    0x0000000000001a20       0x54 ../../LUFA/Drivers/USB/Core/Events.o
 .debug_line    0x0000000000001a74      0x134 ../../LUFA/Drivers/USB/Core/USBTask.o

.debug_frame    0x0000000000000000      0x484
 *(.debug_frame)
 .debug_frame   0x0000000000000000       0xd4 BootloaderDFU.o
 .debug_frame   0x00000000000000d4       0x24 Descriptors.o
 .debug_frame   0x00000000000000f8       0x84 BootloaderAPI.o
 .debug_frame   0x000000000000017c      0x12c ../../LUFA/Drivers/USB/Core/AVR8/EndpointStream_AVR8.o
 .debug_frame   0x00000000000002a8       0x74 ../../LUFA/Drivers/USB/Core/AVR8/Endpoint_AVR8.o
 .debug_frame   0x000000000000031c       0x58 ../../LUFA/Drivers/USB/Core/AVR8/USBController_AVR8.o
 .debug_frame   0x0000000000000374       0x8c ../../LUFA/Drivers/USB/Core/AVR8/USBInterrupt_AVR8.o
 .debug_frame   0x0000000000000400       0x3c ../../LUFA/Drivers/USB/Core/DeviceStandardReq.o
 .debug_frame   0x000000000000043c       0x24 ../../LUFA/Drivers/USB/Core/Events.o
 .debug_frame   0x0000000000000460       0x24 ../../LUFA/Drivers/USB/Core/USBTask.o

.debug_str      0x0000000000000000     0x1ce2
 *(.debug_str)
 .debug_str     0x0000000000000000      0x371 /usr/local/Cellar/avr-gcc/4.9.3/lib/gcc/avr/4.9.3/../../../../avr/lib/avr5/crtm32u4.o
 .debug_str     0x0000000000000371      0x8b7 BootloaderDFU.o
                                        0x916 (size before relaxing)
 .debug_str     0x0000000000000c28      0x58a Descriptors.o
                                        0x7a5 (size before relaxing)
 .debug_str     0x00000000000011b2       0xc8 BootloaderAPI.o
                                        0x299 (size before relaxing)
 .debug_str     0x000000000000127a      0x28b ../../LUFA/Drivers/USB/Core/AVR8/EndpointStream_AVR8.o
                                        0x604 (size before relaxing)
 .debug_str     0x0000000000001505      0x171 ../../LUFA/Drivers/USB/Core/AVR8/Endpoint_AVR8.o
                                        0x4af (size before relaxing)
 .debug_str     0x0000000000001676      0x242 ../../LUFA/Drivers/USB/Core/AVR8/USBController_AVR8.o
                                        0x541 (size before relaxing)
 .debug_str     0x00000000000018b8      0x149 ../../LUFA/Drivers/USB/Core/AVR8/USBInterrupt_AVR8.o
                                        0x537 (size before relaxing)
 .debug_str     0x0000000000001a01      0x24f ../../LUFA/Drivers/USB/Core/DeviceStandardReq.o
                                        0x67c (size before relaxing)
 .debug_str     0x0000000000001c50       0x34 ../../LUFA/Drivers/USB/Core/Events.o
                                        0x1d5 (size before relaxing)
 .debug_str     0x0000000000001c84       0x5e ../../LUFA/Drivers/USB/Core/USBTask.o
                                        0x388 (size before relaxing)

.debug_loc      0x0000000000000000     0x1a86
 *(.debug_loc)
 .debug_loc     0x0000000000000000      0x6bf BootloaderDFU.o
 .debug_loc     0x00000000000006bf      0x1f3 Descriptors.o
 .debug_loc     0x00000000000008b2       0x92 BootloaderAPI.o
 .debug_loc     0x0000000000000944      0xb24 ../../LUFA/Drivers/USB/Core/AVR8/EndpointStream_AVR8.o
 .debug_loc     0x0000000000001468      0x26f ../../LUFA/Drivers/USB/Core/AVR8/Endpoint_AVR8.o
 .debug_loc     0x00000000000016d7       0x49 ../../LUFA/Drivers/USB/Core/AVR8/USBController_AVR8.o
 .debug_loc     0x0000000000001720      0x220 ../../LUFA/Drivers/USB/Core/AVR8/USBInterrupt_AVR8.o
 .debug_loc     0x0000000000001940      0x146 ../../LUFA/Drivers/USB/Core/DeviceStandardReq.o

.debug_macinfo
 *(.debug_macinfo)

.debug_weaknames
 *(.debug_weaknames)

.debug_funcnames
 *(.debug_funcnames)

.debug_typenames
 *(.debug_typenames)

.debug_varnames
 *(.debug_varnames)

.debug_pubtypes
 *(.debug_pubtypes)

.debug_ranges   0x0000000000000000      0x310
 *(.debug_ranges)
 .debug_ranges  0x0000000000000000       0x58 BootloaderDFU.o
 .debug_ranges  0x0000000000000058       0x10 Descriptors.o
 .debug_ranges  0x0000000000000068       0x40 BootloaderAPI.o
 .debug_ranges  0x00000000000000a8       0x20 BootloaderAPITable.o
 .debug_ranges  0x00000000000000c8      0x198 ../../LUFA/Drivers/USB/Core/AVR8/EndpointStream_AVR8.o
 .debug_ranges  0x0000000000000260       0x40 ../../LUFA/Drivers/USB/Core/AVR8/Endpoint_AVR8.o
 .debug_ranges  0x00000000000002a0       0x20 ../../LUFA/Drivers/USB/Core/AVR8/USBController_AVR8.o
 .debug_ranges  0x00000000000002c0       0x20 ../../LUFA/Drivers/USB/Core/AVR8/USBInterrupt_AVR8.o
 .debug_ranges  0x00000000000002e0       0x10 ../../LUFA/Drivers/USB/Core/DeviceStandardReq.o
 .debug_ranges  0x00000000000002f0       0x10 ../../LUFA/Drivers/USB/Core/Events.o
 .debug_ranges  0x0000000000000300       0x10 ../../LUFA/Drivers/USB/Core/USBTask.o

.debug_macro
 *(.debug_macro)
OUTPUT(BootloaderDFU.elf elf32-avr)
LOAD linker stubs

.apitable_trampolines
                0x0000000000007fa0       0x18
 .apitable_trampolines
                0x0000000000007fa0       0x18 BootloaderAPITable.o
                0x0000000000007fa0                BootloaderAPI_Trampolines

.apitable_jumptable
                0x0000000000007fe0       0x18
 .apitable_jumptable
                0x0000000000007fe0       0x18 BootloaderAPITable.o
                0x0000000000007fe0                BootloaderAPI_JumpTable

.apitable_signatures
                0x0000000000007ff8        0x8
 .apitable_signatures
                0x0000000000007ff8        0x8 BootloaderAPITable.o
                0x0000000000007ff8                BootloaderAPI_Signatures

Cross Reference Table

Symbol                                            File
Application_Jump_Check                            BootloaderDFU.o
BootloaderAPI_ErasePage                           BootloaderAPI.o
                                                  BootloaderAPITable.o
BootloaderAPI_FillWord                            BootloaderAPI.o
                                                  BootloaderAPITable.o
BootloaderAPI_JumpTable                           BootloaderAPITable.o
BootloaderAPI_ReadFuse                            BootloaderAPI.o
                                                  BootloaderAPITable.o
BootloaderAPI_ReadLock                            BootloaderAPI.o
                                                  BootloaderAPITable.o
BootloaderAPI_ReadSignature                       BootloaderAPI.o
                                                  BootloaderAPITable.o
BootloaderAPI_Signatures                          BootloaderAPITable.o
BootloaderAPI_Trampolines                         BootloaderAPITable.o
BootloaderAPI_WriteLock                           BootloaderAPI.o
                                                  BootloaderAPITable.o
BootloaderAPI_WritePage                           BootloaderAPI.o
                                                  BootloaderAPITable.o
CALLBACK_HIDParser_FilterHIDReportItem            ../../LUFA/Drivers/USB/Class/Common/HIDParser.o
CALLBACK_USB_GetDescriptor                        Descriptors.o
                                                  ../../LUFA/Drivers/USB/Core/DeviceStandardReq.o
ConfigurationDescriptor                           Descriptors.o
DeviceDescriptor                                  Descriptors.o
EVENT_USB_Device_ConfigurationChanged             ../../LUFA/Drivers/USB/Core/Events.o
                                                  ../../LUFA/Drivers/USB/Core/DeviceStandardReq.o
EVENT_USB_Device_Connect                          ../../LUFA/Drivers/USB/Core/Events.o
                                                  ../../LUFA/Drivers/USB/Core/AVR8/USBInterrupt_AVR8.o
EVENT_USB_Device_ControlRequest                   BootloaderDFU.o
                                                  ../../LUFA/Drivers/USB/Core/DeviceStandardReq.o
EVENT_USB_Device_Disconnect                       ../../LUFA/Drivers/USB/Core/Events.o
                                                  ../../LUFA/Drivers/USB/Core/AVR8/USBInterrupt_AVR8.o
EVENT_USB_Device_Reset                            ../../LUFA/Drivers/USB/Core/Events.o
                                                  ../../LUFA/Drivers/USB/Core/AVR8/USBInterrupt_AVR8.o
EVENT_USB_Device_StartOfFrame                     ../../LUFA/Drivers/USB/Core/Events.o
EVENT_USB_Device_Suspend                          ../../LUFA/Drivers/USB/Core/Events.o
                                                  ../../LUFA/Drivers/USB/Core/AVR8/USBInterrupt_AVR8.o
EVENT_USB_Device_WakeUp                           ../../LUFA/Drivers/USB/Core/Events.o
                                                  ../../LUFA/Drivers/USB/Core/AVR8/USBInterrupt_AVR8.o
Endpoint_ClearEndpoints                           ../../LUFA/Drivers/USB/Core/AVR8/Endpoint_AVR8.o
Endpoint_ClearStatusStage                         ../../LUFA/Drivers/USB/Core/AVR8/Endpoint_AVR8.o
                                                  ../../LUFA/Drivers/USB/Core/DeviceStandardReq.o
                                                  BootloaderDFU.o
Endpoint_ConfigureEndpointTable                   ../../LUFA/Drivers/USB/Core/AVR8/Endpoint_AVR8.o
Endpoint_ConfigureEndpoint_Prv                    ../../LUFA/Drivers/USB/Core/AVR8/Endpoint_AVR8.o
                                                  ../../LUFA/Drivers/USB/Core/AVR8/USBInterrupt_AVR8.o
                                                  ../../LUFA/Drivers/USB/Core/AVR8/USBController_AVR8.o
Endpoint_Read_Control_EStream_BE                  ../../LUFA/Drivers/USB/Core/AVR8/EndpointStream_AVR8.o
Endpoint_Read_Control_EStream_LE                  ../../LUFA/Drivers/USB/Core/AVR8/EndpointStream_AVR8.o
Endpoint_Read_Control_Stream_BE                   ../../LUFA/Drivers/USB/Core/AVR8/EndpointStream_AVR8.o
Endpoint_Read_Control_Stream_LE                   ../../LUFA/Drivers/USB/Core/AVR8/EndpointStream_AVR8.o
Endpoint_Write_Control_EStream_BE                 ../../LUFA/Drivers/USB/Core/AVR8/EndpointStream_AVR8.o
Endpoint_Write_Control_EStream_LE                 ../../LUFA/Drivers/USB/Core/AVR8/EndpointStream_AVR8.o
Endpoint_Write_Control_PStream_BE                 ../../LUFA/Drivers/USB/Core/AVR8/EndpointStream_AVR8.o
Endpoint_Write_Control_PStream_LE                 ../../LUFA/Drivers/USB/Core/AVR8/EndpointStream_AVR8.o
Endpoint_Write_Control_Stream_BE                  ../../LUFA/Drivers/USB/Core/AVR8/EndpointStream_AVR8.o
Endpoint_Write_Control_Stream_LE                  ../../LUFA/Drivers/USB/Core/AVR8/EndpointStream_AVR8.o
                                                  ../../LUFA/Drivers/USB/Core/DeviceStandardReq.o
LanguageString                                    Descriptors.o
MagicBootKey                                      BootloaderDFU.o
ManufacturerString                                Descriptors.o
ProductString                                     Descriptors.o
USB_ControlRequest                                ../../LUFA/Drivers/USB/Core/USBTask.o
                                                  ../../LUFA/Drivers/USB/Core/DeviceStandardReq.o
                                                  ../../LUFA/Drivers/USB/Core/AVR8/Endpoint_AVR8.o
                                                  ../../LUFA/Drivers/USB/Core/AVR8/EndpointStream_AVR8.o
                                                  BootloaderDFU.o
USB_Device_ConfigurationNumber                    ../../LUFA/Drivers/USB/Core/DeviceStandardReq.o
                                                  ../../LUFA/Drivers/USB/Core/AVR8/USBInterrupt_AVR8.o
                                                  ../../LUFA/Drivers/USB/Core/AVR8/USBController_AVR8.o
USB_Device_ProcessControlRequest                  ../../LUFA/Drivers/USB/Core/DeviceStandardReq.o
                                                  ../../LUFA/Drivers/USB/Core/USBTask.o
USB_Device_SendRemoteWakeup                       ../../LUFA/Drivers/USB/Core/AVR8/Device_AVR8.o
USB_Disable                                       ../../LUFA/Drivers/USB/Core/AVR8/USBController_AVR8.o
                                                  BootloaderDFU.o
USB_Event_Stub                                    ../../LUFA/Drivers/USB/Core/Events.o
USB_GetHIDReportItemInfo                          ../../LUFA/Drivers/USB/Class/Common/HIDParser.o
USB_GetHIDReportSize                              ../../LUFA/Drivers/USB/Class/Common/HIDParser.o
USB_GetNextDescriptorComp                         ../../LUFA/Drivers/USB/Core/ConfigDescriptors.o
USB_GetNextDescriptorOfType                       ../../LUFA/Drivers/USB/Core/ConfigDescriptors.o
USB_GetNextDescriptorOfTypeAfter                  ../../LUFA/Drivers/USB/Core/ConfigDescriptors.o
USB_GetNextDescriptorOfTypeBefore                 ../../LUFA/Drivers/USB/Core/ConfigDescriptors.o
USB_INT_ClearAllInterrupts                        ../../LUFA/Drivers/USB/Core/AVR8/USBInterrupt_AVR8.o
                                                  ../../LUFA/Drivers/USB/Core/AVR8/USBController_AVR8.o
USB_INT_DisableAllInterrupts                      ../../LUFA/Drivers/USB/Core/AVR8/USBInterrupt_AVR8.o
                                                  ../../LUFA/Drivers/USB/Core/AVR8/USBController_AVR8.o
USB_Init                                          ../../LUFA/Drivers/USB/Core/AVR8/USBController_AVR8.o
                                                  BootloaderDFU.o
USB_IsInitialized                                 ../../LUFA/Drivers/USB/Core/USBTask.o
                                                  ../../LUFA/Drivers/USB/Core/AVR8/USBController_AVR8.o
USB_ProcessHIDReport                              ../../LUFA/Drivers/USB/Class/Common/HIDParser.o
USB_ResetInterface                                ../../LUFA/Drivers/USB/Core/AVR8/USBController_AVR8.o
USB_SetHIDReportItemInfo                          ../../LUFA/Drivers/USB/Class/Common/HIDParser.o
USB_USBTask                                       ../../LUFA/Drivers/USB/Core/USBTask.o
                                                  BootloaderDFU.o
__bad_interrupt                                   /usr/local/Cellar/avr-gcc/4.9.3/lib/gcc/avr/4.9.3/../../../../avr/lib/avr5/crtm32u4.o
__bss_end                                         /usr/local/Cellar/avr-gcc/4.9.3/lib/gcc/avr/4.9.3/avr5/libgcc.a(_clear_bss.o)
__bss_start                                       /usr/local/Cellar/avr-gcc/4.9.3/lib/gcc/avr/4.9.3/avr5/libgcc.a(_clear_bss.o)
__data_end                                        /usr/local/Cellar/avr-gcc/4.9.3/lib/gcc/avr/4.9.3/avr5/libgcc.a(_copy_data.o)
__data_load_start                                 /usr/local/Cellar/avr-gcc/4.9.3/lib/gcc/avr/4.9.3/avr5/libgcc.a(_copy_data.o)
__data_start                                      /usr/local/Cellar/avr-gcc/4.9.3/lib/gcc/avr/4.9.3/avr5/libgcc.a(_copy_data.o)
__do_clear_bss                                    /usr/local/Cellar/avr-gcc/4.9.3/lib/gcc/avr/4.9.3/avr5/libgcc.a(_clear_bss.o)
                                                  ../../LUFA/Drivers/USB/Core/USBTask.o
                                                  ../../LUFA/Drivers/USB/Core/DeviceStandardReq.o
                                                  BootloaderDFU.o
__do_copy_data                                    /usr/local/Cellar/avr-gcc/4.9.3/lib/gcc/avr/4.9.3/avr5/libgcc.a(_copy_data.o)
                                                  Descriptors.o
                                                  BootloaderDFU.o
__eerd_byte_m32u4                                 /usr/local/Cellar/avr-gcc/4.9.3/lib/gcc/avr/4.9.3/../../../../avr/lib/avr5/libc.a(eerd_byte_atmega32u4.o)
                                                  ../../LUFA/Drivers/USB/Core/AVR8/EndpointStream_AVR8.o
                                                  BootloaderDFU.o
__eeupd_byte_m32u4                                /usr/local/Cellar/avr-gcc/4.9.3/lib/gcc/avr/4.9.3/../../../../avr/lib/avr5/libc.a(eeupd_byte_atmega32u4.o)
                                                  ../../LUFA/Drivers/USB/Core/AVR8/EndpointStream_AVR8.o
__eeupd_r18_m32u4                                 /usr/local/Cellar/avr-gcc/4.9.3/lib/gcc/avr/4.9.3/../../../../avr/lib/avr5/libc.a(eeupd_byte_atmega32u4.o)
__eewr_byte_m32u4                                 /usr/local/Cellar/avr-gcc/4.9.3/lib/gcc/avr/4.9.3/../../../../avr/lib/avr5/libc.a(eewr_byte_atmega32u4.o)
                                                  BootloaderDFU.o
__eewr_r18_m32u4                                  /usr/local/Cellar/avr-gcc/4.9.3/lib/gcc/avr/4.9.3/../../../../avr/lib/avr5/libc.a(eewr_byte_atmega32u4.o)
__heap_end                                        /usr/local/Cellar/avr-gcc/4.9.3/lib/gcc/avr/4.9.3/../../../../avr/lib/avr5/crtm32u4.o
__init                                            /usr/local/Cellar/avr-gcc/4.9.3/lib/gcc/avr/4.9.3/../../../../avr/lib/avr5/crtm32u4.o
__stack                                           /usr/local/Cellar/avr-gcc/4.9.3/lib/gcc/avr/4.9.3/../../../../avr/lib/avr5/crtm32u4.o
__vector_1                                        /usr/local/Cellar/avr-gcc/4.9.3/lib/gcc/avr/4.9.3/../../../../avr/lib/avr5/crtm32u4.o
__vector_10                                       ../../LUFA/Drivers/USB/Core/AVR8/USBInterrupt_AVR8.o
                                                  /usr/local/Cellar/avr-gcc/4.9.3/lib/gcc/avr/4.9.3/../../../../avr/lib/avr5/crtm32u4.o
__vector_11                                       /usr/local/Cellar/avr-gcc/4.9.3/lib/gcc/avr/4.9.3/../../../../avr/lib/avr5/crtm32u4.o
__vector_12                                       /usr/local/Cellar/avr-gcc/4.9.3/lib/gcc/avr/4.9.3/../../../../avr/lib/avr5/crtm32u4.o
__vector_13                                       /usr/local/Cellar/avr-gcc/4.9.3/lib/gcc/avr/4.9.3/../../../../avr/lib/avr5/crtm32u4.o
__vector_14                                       /usr/local/Cellar/avr-gcc/4.9.3/lib/gcc/avr/4.9.3/../../../../avr/lib/avr5/crtm32u4.o
__vector_15                                       /usr/local/Cellar/avr-gcc/4.9.3/lib/gcc/avr/4.9.3/../../../../avr/lib/avr5/crtm32u4.o
__vector_16                                       /usr/local/Cellar/avr-gcc/4.9.3/lib/gcc/avr/4.9.3/../../../../avr/lib/avr5/crtm32u4.o
__vector_17                                       /usr/local/Cellar/avr-gcc/4.9.3/lib/gcc/avr/4.9.3/../../../../avr/lib/avr5/crtm32u4.o
__vector_18                                       /usr/local/Cellar/avr-gcc/4.9.3/lib/gcc/avr/4.9.3/../../../../avr/lib/avr5/crtm32u4.o
__vector_19                                       /usr/local/Cellar/avr-gcc/4.9.3/lib/gcc/avr/4.9.3/../../../../avr/lib/avr5/crtm32u4.o
__vector_2                                        /usr/local/Cellar/avr-gcc/4.9.3/lib/gcc/avr/4.9.3/../../../../avr/lib/avr5/crtm32u4.o
__vector_20                                       BootloaderDFU.o
                                                  /usr/local/Cellar/avr-gcc/4.9.3/lib/gcc/avr/4.9.3/../../../../avr/lib/avr5/crtm32u4.o
__vector_21                                       /usr/local/Cellar/avr-gcc/4.9.3/lib/gcc/avr/4.9.3/../../../../avr/lib/avr5/crtm32u4.o
__vector_22                                       /usr/local/Cellar/avr-gcc/4.9.3/lib/gcc/avr/4.9.3/../../../../avr/lib/avr5/crtm32u4.o
__vector_23                                       /usr/local/Cellar/avr-gcc/4.9.3/lib/gcc/avr/4.9.3/../../../../avr/lib/avr5/crtm32u4.o
__vector_24                                       /usr/local/Cellar/avr-gcc/4.9.3/lib/gcc/avr/4.9.3/../../../../avr/lib/avr5/crtm32u4.o
__vector_25                                       /usr/local/Cellar/avr-gcc/4.9.3/lib/gcc/avr/4.9.3/../../../../avr/lib/avr5/crtm32u4.o
__vector_26                                       /usr/local/Cellar/avr-gcc/4.9.3/lib/gcc/avr/4.9.3/../../../../avr/lib/avr5/crtm32u4.o
__vector_27                                       /usr/local/Cellar/avr-gcc/4.9.3/lib/gcc/avr/4.9.3/../../../../avr/lib/avr5/crtm32u4.o
__vector_28                                       /usr/local/Cellar/avr-gcc/4.9.3/lib/gcc/avr/4.9.3/../../../../avr/lib/avr5/crtm32u4.o
__vector_29                                       /usr/local/Cellar/avr-gcc/4.9.3/lib/gcc/avr/4.9.3/../../../../avr/lib/avr5/crtm32u4.o
__vector_3                                        /usr/local/Cellar/avr-gcc/4.9.3/lib/gcc/avr/4.9.3/../../../../avr/lib/avr5/crtm32u4.o
__vector_30                                       /usr/local/Cellar/avr-gcc/4.9.3/lib/gcc/avr/4.9.3/../../../../avr/lib/avr5/crtm32u4.o
__vector_31                                       /usr/local/Cellar/avr-gcc/4.9.3/lib/gcc/avr/4.9.3/../../../../avr/lib/avr5/crtm32u4.o
__vector_32                                       /usr/local/Cellar/avr-gcc/4.9.3/lib/gcc/avr/4.9.3/../../../../avr/lib/avr5/crtm32u4.o
__vector_33                                       /usr/local/Cellar/avr-gcc/4.9.3/lib/gcc/avr/4.9.3/../../../../avr/lib/avr5/crtm32u4.o
__vector_34                                       /usr/local/Cellar/avr-gcc/4.9.3/lib/gcc/avr/4.9.3/../../../../avr/lib/avr5/crtm32u4.o
__vector_35                                       /usr/local/Cellar/avr-gcc/4.9.3/lib/gcc/avr/4.9.3/../../../../avr/lib/avr5/crtm32u4.o
__vector_36                                       /usr/local/Cellar/avr-gcc/4.9.3/lib/gcc/avr/4.9.3/../../../../avr/lib/avr5/crtm32u4.o
__vector_37                                       /usr/local/Cellar/avr-gcc/4.9.3/lib/gcc/avr/4.9.3/../../../../avr/lib/avr5/crtm32u4.o
__vector_38                                       /usr/local/Cellar/avr-gcc/4.9.3/lib/gcc/avr/4.9.3/../../../../avr/lib/avr5/crtm32u4.o
__vector_39                                       /usr/local/Cellar/avr-gcc/4.9.3/lib/gcc/avr/4.9.3/../../../../avr/lib/avr5/crtm32u4.o
__vector_4                                        /usr/local/Cellar/avr-gcc/4.9.3/lib/gcc/avr/4.9.3/../../../../avr/lib/avr5/crtm32u4.o
__vector_40                                       /usr/local/Cellar/avr-gcc/4.9.3/lib/gcc/avr/4.9.3/../../../../avr/lib/avr5/crtm32u4.o
__vector_41                                       /usr/local/Cellar/avr-gcc/4.9.3/lib/gcc/avr/4.9.3/../../../../avr/lib/avr5/crtm32u4.o
__vector_42                                       /usr/local/Cellar/avr-gcc/4.9.3/lib/gcc/avr/4.9.3/../../../../avr/lib/avr5/crtm32u4.o
__vector_5                                        /usr/local/Cellar/avr-gcc/4.9.3/lib/gcc/avr/4.9.3/../../../../avr/lib/avr5/crtm32u4.o
__vector_6                                        /usr/local/Cellar/avr-gcc/4.9.3/lib/gcc/avr/4.9.3/../../../../avr/lib/avr5/crtm32u4.o
__vector_7                                        /usr/local/Cellar/avr-gcc/4.9.3/lib/gcc/avr/4.9.3/../../../../avr/lib/avr5/crtm32u4.o
__vector_8                                        /usr/local/Cellar/avr-gcc/4.9.3/lib/gcc/avr/4.9.3/../../../../avr/lib/avr5/crtm32u4.o
__vector_9                                        /usr/local/Cellar/avr-gcc/4.9.3/lib/gcc/avr/4.9.3/../../../../avr/lib/avr5/crtm32u4.o
__vector_default                                  /usr/local/Cellar/avr-gcc/4.9.3/lib/gcc/avr/4.9.3/../../../../avr/lib/avr5/crtm32u4.o
__vectors                                         /usr/local/Cellar/avr-gcc/4.9.3/lib/gcc/avr/4.9.3/../../../../avr/lib/avr5/crtm32u4.o
_exit                                             /usr/local/Cellar/avr-gcc/4.9.3/lib/gcc/avr/4.9.3/avr5/libgcc.a(_exit.o)
exit                                              /usr/local/Cellar/avr-gcc/4.9.3/lib/gcc/avr/4.9.3/avr5/libgcc.a(_exit.o)
                                                  /usr/local/Cellar/avr-gcc/4.9.3/lib/gcc/avr/4.9.3/../../../../avr/lib/avr5/crtm32u4.o
main                                              BootloaderDFU.o
                                                  /usr/local/Cellar/avr-gcc/4.9.3/lib/gcc/avr/4.9.3/../../../../avr/lib/avr5/crtm32u4.o
